// Jest Snapshot v1, https://goo.gl/fbAQLP

exports[`Remote Explorer renders should match snapshot 1`] = `
<div
  className="app"
  data-test="defaultLayout"
>
  <ErrorBoundary>
    <CHeader
      position="fixed"
    >
      <Suspense
        fallback={
          <div
            className="animated fadeIn pt-1 text-center"
          >
            Loading...
          </div>
        }
      >
        <lazy
          onLogout={[Function]}
        />
      </Suspense>
    </CHeader>
    <div
      className="app-body"
    >
      <CSidebar
        display="lg"
        position="fixed"
      >
        <CSidebarHeader />
        <Suspense
          fallback={
            <div
              className="animated fadeIn pt-1 text-center"
            >
              Loading...
            </div>
          }
        >
          <CSidebarNav
            navConfig={
              Object {
                "items": Array [
                  Object {
                    "icon": "icon-speedometer",
                    "name": "Dashboard",
                    "url": "/dashboard",
                  },
                  Object {
                    "icon": "icon-note",
                    "name": "Configs",
                    "url": "/showconfig",
                  },
                  Object {
                    "icon": "icon-screen-desktop",
                    "name": "Explorer",
                    "url": "/remoteExplorer",
                  },
                  Object {
                    "icon": "icon-star",
                    "name": "Backend",
                    "url": "/rcloneBackend",
                  },
                  Object {
                    "icon": "fa fa-hdd-o",
                    "name": "Mounts",
                    "url": "/mountDashboard",
                  },
                  Object {
                    "icon": "icon-logout",
                    "name": "Log Out",
                    "url": "/login",
                  },
                  Object {
                    "attributes": Object {
                      "target": "_blank",
                    },
                    "class": "mt-auto",
                    "icon": "cui-cog",
                    "name": "",
                    "url": "https://rclone.org/changelog",
                    "variant": "success",
                  },
                ],
              }
            }
          />
        </Suspense>
        <CSidebarFooter />
      </CSidebar>
      <main
        className="main"
      >
        <Container
          fluid={true}
          tag="div"
        >
          <Suspense
            fallback={
              <div
                className="animated fadeIn pt-1 text-center"
              >
                Loading...
              </div>
            }
          >
            <Routes>
              <Route
                element={[Function]}
                key="1"
                path="/newdrive/edit/:drivePrefix"
              />
              <Route
                element={[Function]}
                key="2"
                path="/newdrive"
              />
              <Route
                element={[Function]}
                key="3"
                path="/login"
              />
              <Route
                element={[Function]}
                key="4"
                path="/dashboard"
              />
              <Route
                element={[Function]}
                key="5"
                path="/showconfig"
              />
              <Route
                element={[Function]}
                key="6"
                path="/remoteExplorer/:remoteName/:remotePath"
              />
              <Route
                element={[Function]}
                key="7"
                path="/remoteExplorer"
              />
              <Route
                element={[Function]}
                key="8"
                path="/rcloneBackend"
              />
              <Route
                element={[Function]}
                key="9"
                path="/mountDashboard"
              />
            </Routes>
          </Suspense>
        </Container>
      </main>
    </div>
    <CFooter>
      <Suspense
        fallback={
          <div
            className="animated fadeIn pt-1 text-center"
          >
            Loading...
          </div>
        }
      >
        <lazy />
      </Suspense>
    </CFooter>
  </ErrorBoundary>
</div>
`;
