// Jest Snapshot v1, https://goo.gl/fbAQLP

exports[`App Component should match snapshot 1`] = `
<div
  data-test="appComponent"
>
  <ErrorBoundary>
    <ToastContainer
      autoClose={5000}
      closeButton={[Function]}
      closeOnClick={true}
      draggable={true}
      draggablePercent={80}
      hideProgressBar={false}
      newestOnTop={false}
      pauseOnFocusLoss={true}
      pauseOnHover={true}
      position="top-right"
      role="alert"
      rtl={false}
      transition={[Function]}
    />
    <HashRouter>
      <Suspense
        fallback={
          <div
            className="pt-3 text-center"
          >
            Loading...
          </div>
        }
      >
        <Routes>
          <Route
            element={<UNDEFINED />}
            path="/login"
          />
          <Route
            element={<UNDEFINED />}
            path="/register"
          />
          <Route
            element={<UNDEFINED />}
            path="/404"
          />
          <Route
            element={<UNDEFINED />}
            path="/500"
          />
          <Route
            element={<UNDEFINED />}
          >
            <Route
              element={<UNDEFINED />}
              key="0"
              path="/newdrive/edit/:drivePrefix"
            />
            <Route
              element={<UNDEFINED />}
              key="1"
              path="/newdrive"
            />
            <Route
              element={<UNDEFINED />}
              key="2"
              path="/login"
            />
            <Route
              element={<UNDEFINED />}
              key="3"
              path="/dashboard"
            />
            <Route
              element={<UNDEFINED />}
              key="4"
              path="/"
            />
            <Route
              element={<UNDEFINED />}
              key="5"
              path="/remoteExplorer/:remoteName/:remotePath"
            />
            <Route
              element={<UNDEFINED />}
              key="6"
              path="/remoteExplorer"
            />
            <Route
              element={<UNDEFINED />}
              key="7"
              path="/rcloneBackend"
            />
            <Route
              element={<UNDEFINED />}
              key="8"
              path="/mountDashboard"
            />
          </Route>
        </Routes>
      </Suspense>
    </HashRouter>
  </ErrorBoundary>
</div>
`;
